[INFO] Scanning for projects...
[INFO] 
[INFO] ---------------------< com.ecommerce:auth-service >---------------------
[INFO] Building auth-service 0.0.1-SNAPSHOT
[INFO]   from pom.xml
[INFO] --------------------------------[ jar ]---------------------------------
[INFO] 
[INFO] >>> spring-boot:3.2.5:run (default-cli) > test-compile @ auth-service >>>
[INFO] 
[INFO] --- resources:3.3.1:resources (default-resources) @ auth-service ---
[INFO] Copying 1 resource from src\main\resources to target\classes
[INFO] Copying 0 resource from src\main\resources to target\classes
[INFO] 
[INFO] --- compiler:3.11.0:compile (default-compile) @ auth-service ---
[INFO] Nothing to compile - all classes are up to date
[INFO] 
[INFO] --- resources:3.3.1:testResources (default-testResources) @ auth-service ---
[INFO] skip non existing resourceDirectory D:\ShivamGitProject\auth-service\auth-service\src\test\resources
[INFO] 
[INFO] --- compiler:3.11.0:testCompile (default-testCompile) @ auth-service ---
[INFO] Nothing to compile - all classes are up to date
[INFO] 
[INFO] <<< spring-boot:3.2.5:run (default-cli) < test-compile @ auth-service <<<
[INFO] 
[INFO] 
[INFO] --- spring-boot:3.2.5:run (default-cli) @ auth-service ---
[INFO] Attaching agents: []

  .   ____          _            __ _ _
 /\\ / ___'_ __ _ _(_)_ __  __ _ \ \ \ \
( ( )\___ | '_ | '_| | '_ \/ _` | \ \ \ \
 \\/  ___)| |_)| | | | | || (_| |  ) ) ) )
  '  |____| .__|_| |_|_| |_\__, | / / / /
 =========|_|==============|___/=/_/_/_/
 :: Spring Boot ::                (v3.2.5)

2026-04-25T16:44:51.297+05:30  INFO 5232 --- [           main] c.e.authservice.AuthServiceApplication   : Starting AuthServiceApplication using Java 17.0.12 with PID 5232 (D:\ShivamGitProject\auth-service\auth-service\target\classes started by namde in D:\ShivamGitProject\auth-service\auth-service)
2026-04-25T16:44:51.312+05:30  INFO 5232 --- [           main] c.e.authservice.AuthServiceApplication   : No active profile set, falling back to 1 default profile: "default"
2026-04-25T16:44:52.580+05:30  INFO 5232 --- [           main] .s.d.r.c.RepositoryConfigurationDelegate : Bootstrapping Spring Data JPA repositories in DEFAULT mode.
2026-04-25T16:44:52.697+05:30  INFO 5232 --- [           main] .s.d.r.c.RepositoryConfigurationDelegate : Finished Spring Data repository scanning in 99 ms. Found 4 JPA repository interfaces.
2026-04-25T16:44:53.906+05:30  INFO 5232 --- [           main] o.s.b.w.embedded.tomcat.TomcatWebServer  : Tomcat initialized with port 8081 (http)
2026-04-25T16:44:53.931+05:30  INFO 5232 --- [           main] o.apache.catalina.core.StandardService   : Starting service [Tomcat]
2026-04-25T16:44:53.933+05:30  INFO 5232 --- [           main] o.apache.catalina.core.StandardEngine    : Starting Servlet engine: [Apache Tomcat/10.1.20]
2026-04-25T16:44:54.096+05:30  INFO 5232 --- [           main] o.a.c.c.C.[Tomcat].[localhost].[/]       : Initializing Spring embedded WebApplicationContext
2026-04-25T16:44:54.099+05:30  INFO 5232 --- [           main] w.s.c.ServletWebServerApplicationContext : Root WebApplicationContext: initialization completed in 2686 ms
2026-04-25T16:44:54.423+05:30  INFO 5232 --- [           main] o.hibernate.jpa.internal.util.LogHelper  : HHH000204: Processing PersistenceUnitInfo [name: default]
2026-04-25T16:44:54.565+05:30  INFO 5232 --- [           main] org.hibernate.Version                    : HHH000412: Hibernate ORM core version 6.4.4.Final
2026-04-25T16:44:54.642+05:30  INFO 5232 --- [           main] o.h.c.internal.RegionFactoryInitiator    : HHH000026: Second-level cache disabled
2026-04-25T16:44:55.140+05:30  INFO 5232 --- [           main] o.s.o.j.p.SpringPersistenceUnitInfo      : No LoadTimeWeaver setup: ignoring JPA class transformer
2026-04-25T16:44:55.207+05:30  INFO 5232 --- [           main] com.zaxxer.hikari.HikariDataSource       : HikariPool-1 - Starting...
2026-04-25T16:44:55.558+05:30  INFO 5232 --- [           main] com.zaxxer.hikari.pool.HikariPool        : HikariPool-1 - Added connection org.postgresql.jdbc.PgConnection@19ae36f4
2026-04-25T16:44:55.568+05:30  INFO 5232 --- [           main] com.zaxxer.hikari.HikariDataSource       : HikariPool-1 - Start completed.
2026-04-25T16:44:55.643+05:30  WARN 5232 --- [           main] org.hibernate.orm.deprecation            : HHH90000025: PostgreSQLDialect does not need to be specified explicitly using 'hibernate.dialect' (remove the property setting and it will be selected by default)
2026-04-25T16:44:57.940+05:30  INFO 5232 --- [           main] o.h.e.t.j.p.i.JtaPlatformInitiator       : HHH000489: No JTA platform available (set 'hibernate.transaction.jta.platform' to enable JTA platform integration)
2026-04-25T16:44:58.120+05:30  INFO 5232 --- [           main] j.LocalContainerEntityManagerFactoryBean : Initialized JPA EntityManagerFactory for persistence unit 'default'
2026-04-25T16:44:58.755+05:30  INFO 5232 --- [           main] o.s.d.j.r.query.QueryEnhancerFactory     : Hibernate is in classpath; If applicable, HQL parser will be used.
2026-04-25T16:44:59.730+05:30  WARN 5232 --- [           main] JpaBaseConfiguration$JpaWebConfiguration : spring.jpa.open-in-view is enabled by default. Therefore, database queries may be performed during view rendering. Explicitly configure spring.jpa.open-in-view to disable this warning
2026-04-25T16:44:59.792+05:30  WARN 5232 --- [           main] .s.s.UserDetailsServiceAutoConfiguration : 

Using generated security password: 9b05493b-9468-45bc-a7ee-59301a4a3f0b

This generated password is for development use only. Your security configuration must be updated before running your application in production.

2026-04-25T16:45:00.381+05:30  INFO 5232 --- [           main] o.s.s.web.DefaultSecurityFilterChain     : Will secure any request with [org.springframework.security.web.session.DisableEncodeUrlFilter@fff33b4, org.springframework.security.web.context.request.async.WebAsyncManagerIntegrationFilter@7327dba0, org.springframework.security.web.context.SecurityContextHolderFilter@7d5caf3, org.springframework.security.web.header.HeaderWriterFilter@4430d9be, org.springframework.web.filter.CorsFilter@3fde6c3b, org.springframework.security.web.authentication.logout.LogoutFilter@2c36c62a, com.ecommerce.authservice.config.JwtFilter@41184371, org.springframework.security.web.savedrequest.RequestCacheAwareFilter@ea2f3a, org.springframework.security.web.servletapi.SecurityContextHolderAwareRequestFilter@18d3e7fc, org.springframework.security.web.authentication.AnonymousAuthenticationFilter@36810c06, org.springframework.security.web.access.ExceptionTranslationFilter@7aaec50e, org.springframework.security.web.access.intercept.AuthorizationFilter@13cdfd26]
2026-04-25T16:45:01.143+05:30  INFO 5232 --- [           main] o.s.b.w.embedded.tomcat.TomcatWebServer  : Tomcat started on port 8081 (http) with context path ''
2026-04-25T16:45:01.168+05:30  INFO 5232 --- [           main] c.e.authservice.AuthServiceApplication   : Started AuthServiceApplication in 10.64 seconds (process running for 11.349)
2026-04-25T16:45:02.997+05:30  INFO 5232 --- [nio-8081-exec-1] o.a.c.c.C.[Tomcat].[localhost].[/]       : Initializing Spring DispatcherServlet 'dispatcherServlet'
2026-04-25T16:45:02.997+05:30  INFO 5232 --- [nio-8081-exec-1] o.s.web.servlet.DispatcherServlet        : Initializing Servlet 'dispatcherServlet'
2026-04-25T16:45:03.002+05:30  INFO 5232 --- [nio-8081-exec-1] o.s.web.servlet.DispatcherServlet        : Completed initialization in 2 ms
Hibernate: select u1_0.id,u1_0.advance_amount,u1_0.created_at,u1_0.deleted_from_month,u1_0.email,u1_0.name,u1_0.owner_id,u1_0.password,u1_0.role from users u1_0 where u1_0.email=?
Hibernate: select un1_0.id,un1_0.created_at,un1_0.note,un1_0.starred,un1_0.user_id from user_notes un1_0 left join users u1_0 on u1_0.id=un1_0.user_id where u1_0.id=? and un1_0.starred order by un1_0.created_at desc
Hibernate: select u1_0.id,u1_0.advance_amount,u1_0.created_at,u1_0.deleted_from_month,u1_0.email,u1_0.name,u1_0.owner_id,u1_0.password,u1_0.role from users u1_0 where u1_0.email=?
Hibernate: select u1_0.id,u1_0.advance_amount,u1_0.created_at,u1_0.deleted_from_month,u1_0.email,u1_0.name,u1_0.owner_id,u1_0.password,u1_0.role from users u1_0
Hibernate: select count(*) from users u1_0 where u1_0.id=?
Hibernate: select un1_0.id,un1_0.created_at,un1_0.note,un1_0.starred,un1_0.user_id from user_notes un1_0 left join users u1_0 on u1_0.id=un1_0.user_id where u1_0.id=? order by un1_0.created_at desc
Hibernate: select ap1_0.id,ap1_0.amount,ap1_0.note,ap1_0.paid_at,ap1_0.payment_mode,ap1_0.payment_month,ap1_0.user_id from advance_payments ap1_0 left join users u1_0 on u1_0.id=ap1_0.user_id where u1_0.id=? order by ap1_0.paid_at desc
Hibernate: select count(*) from users u1_0 where u1_0.id=?
Hibernate: select sum(ap1_0.amount) from advance_payments ap1_0 where ap1_0.user_id=? and (ap1_0.payment_month=? or (ap1_0.payment_month is null and ap1_0.paid_at>=? and ap1_0.paid_at<?))
Hibernate: select un1_0.id,un1_0.created_at,un1_0.note,un1_0.starred,un1_0.user_id from user_notes un1_0 left join users u1_0 on u1_0.id=un1_0.user_id where u1_0.id=? order by un1_0.created_at desc
Hibernate: select un1_0.id,un1_0.created_at,un1_0.note,un1_0.starred,un1_0.user_id from user_notes un1_0 left join users u1_0 on u1_0.id=un1_0.user_id where u1_0.id=? and un1_0.starred order by un1_0.created_at desc
Hibernate: select sum(ap1_0.amount) from advance_payments ap1_0 where ap1_0.user_id=? and (ap1_0.payment_month=? or (ap1_0.payment_month is null and ap1_0.paid_at>=? and ap1_0.paid_at<?))
Hibernate: select un1_0.id,un1_0.created_at,un1_0.note,un1_0.starred,un1_0.user_id from user_notes un1_0 left join users u1_0 on u1_0.id=un1_0.user_id where u1_0.id=? and un1_0.starred order by un1_0.created_at desc
Hibernate: select sum(ap1_0.amount) from advance_payments ap1_0 where ap1_0.user_id=? and (ap1_0.payment_month=? or (ap1_0.payment_month is null and ap1_0.paid_at>=? and ap1_0.paid_at<?))
Hibernate: select un1_0.id,un1_0.created_at,un1_0.note,un1_0.starred,un1_0.user_id from user_notes un1_0 left join users u1_0 on u1_0.id=un1_0.user_id where u1_0.id=? and un1_0.starred order by un1_0.created_at desc
Hibernate: select u1_0.id,u1_0.advance_amount,u1_0.created_at,u1_0.deleted_from_month,u1_0.email,u1_0.name,u1_0.owner_id,u1_0.password,u1_0.role from users u1_0 where u1_0.email=?
Hibernate: select u1_0.id,u1_0.advance_amount,u1_0.created_at,u1_0.deleted_from_month,u1_0.email,u1_0.name,u1_0.owner_id,u1_0.password,u1_0.role from users u1_0
Hibernate: select ap1_0.id,ap1_0.amount,ap1_0.note,ap1_0.paid_at,ap1_0.payment_mode,ap1_0.payment_month,ap1_0.user_id from advance_payments ap1_0 left join users u1_0 on u1_0.id=ap1_0.user_id where u1_0.id=? order by ap1_0.paid_at desc
Hibernate: select sum(ap1_0.amount) from advance_payments ap1_0 where ap1_0.user_id=? and (ap1_0.payment_month=? or (ap1_0.payment_month is null and ap1_0.paid_at>=? and ap1_0.paid_at<?))
Hibernate: select un1_0.id,un1_0.created_at,un1_0.note,un1_0.starred,un1_0.user_id from user_notes un1_0 left join users u1_0 on u1_0.id=un1_0.user_id where u1_0.id=? and un1_0.starred order by un1_0.created_at desc
Hibernate: select sum(ap1_0.amount) from advance_payments ap1_0 where ap1_0.user_id=? and (ap1_0.payment_month=? or (ap1_0.payment_month is null and ap1_0.paid_at>=? and ap1_0.paid_at<?))
Hibernate: select un1_0.id,un1_0.created_at,un1_0.note,un1_0.starred,un1_0.user_id from user_notes un1_0 left join users u1_0 on u1_0.id=un1_0.user_id where u1_0.id=? and un1_0.starred order by un1_0.created_at desc
Hibernate: select sum(ap1_0.amount) from advance_payments ap1_0 where ap1_0.user_id=? and (ap1_0.payment_month=? or (ap1_0.payment_month is null and ap1_0.paid_at>=? and ap1_0.paid_at<?))
Hibernate: select un1_0.id,un1_0.created_at,un1_0.note,un1_0.starred,un1_0.user_id from user_notes un1_0 left join users u1_0 on u1_0.id=un1_0.user_id where u1_0.id=? and un1_0.starred order by un1_0.created_at desc
Hibernate: select u1_0.id,u1_0.advance_amount,u1_0.created_at,u1_0.deleted_from_month,u1_0.email,u1_0.name,u1_0.owner_id,u1_0.password,u1_0.role from users u1_0 where u1_0.email=?
Hibernate: select u1_0.id,u1_0.advance_amount,u1_0.created_at,u1_0.deleted_from_month,u1_0.email,u1_0.name,u1_0.owner_id,u1_0.password,u1_0.role from users u1_0
Hibernate: select ap1_0.id,ap1_0.amount,ap1_0.note,ap1_0.paid_at,ap1_0.payment_mode,ap1_0.payment_month,ap1_0.user_id from advance_payments ap1_0 left join users u1_0 on u1_0.id=ap1_0.user_id where u1_0.id=? order by ap1_0.paid_at desc
Hibernate: select sum(ap1_0.amount) from advance_payments ap1_0 where ap1_0.user_id=? and (ap1_0.payment_month=? or (ap1_0.payment_month is null and ap1_0.paid_at>=? and ap1_0.paid_at<?))
Hibernate: select un1_0.id,un1_0.created_at,un1_0.note,un1_0.starred,un1_0.user_id from user_notes un1_0 left join users u1_0 on u1_0.id=un1_0.user_id where u1_0.id=? and un1_0.starred order by un1_0.created_at desc
Hibernate: select sum(ap1_0.amount) from advance_payments ap1_0 where ap1_0.user_id=? and (ap1_0.payment_month=? or (ap1_0.payment_month is null and ap1_0.paid_at>=? and ap1_0.paid_at<?))
Hibernate: select un1_0.id,un1_0.created_at,un1_0.note,un1_0.starred,un1_0.user_id from user_notes un1_0 left join users u1_0 on u1_0.id=un1_0.user_id where u1_0.id=? and un1_0.starred order by un1_0.created_at desc
Hibernate: select sum(ap1_0.amount) from advance_payments ap1_0 where ap1_0.user_id=? and (ap1_0.payment_month=? or (ap1_0.payment_month is null and ap1_0.paid_at>=? and ap1_0.paid_at<?))
Hibernate: select un1_0.id,un1_0.created_at,un1_0.note,un1_0.starred,un1_0.user_id from user_notes un1_0 left join users u1_0 on u1_0.id=un1_0.user_id where u1_0.id=? and un1_0.starred order by un1_0.created_at desc
Hibernate: select u1_0.id,u1_0.advance_amount,u1_0.created_at,u1_0.deleted_from_month,u1_0.email,u1_0.name,u1_0.owner_id,u1_0.password,u1_0.role from users u1_0 where u1_0.email=?
Hibernate: select u1_0.id,u1_0.advance_amount,u1_0.created_at,u1_0.deleted_from_month,u1_0.email,u1_0.name,u1_0.owner_id,u1_0.password,u1_0.role from users u1_0
Hibernate: select ap1_0.id,ap1_0.amount,ap1_0.note,ap1_0.paid_at,ap1_0.payment_mode,ap1_0.payment_month,ap1_0.user_id from advance_payments ap1_0 left join users u1_0 on u1_0.id=ap1_0.user_id where u1_0.id=? order by ap1_0.paid_at desc
Hibernate: select sum(ap1_0.amount) from advance_payments ap1_0 where ap1_0.user_id=? and (ap1_0.payment_month=? or (ap1_0.payment_month is null and ap1_0.paid_at>=? and ap1_0.paid_at<?))
Hibernate: select un1_0.id,un1_0.created_at,un1_0.note,un1_0.starred,un1_0.user_id from user_notes un1_0 left join users u1_0 on u1_0.id=un1_0.user_id where u1_0.id=? and un1_0.starred order by un1_0.created_at desc
Hibernate: select sum(ap1_0.amount) from advance_payments ap1_0 where ap1_0.user_id=? and (ap1_0.payment_month=? or (ap1_0.payment_month is null and ap1_0.paid_at>=? and ap1_0.paid_at<?))
Hibernate: select un1_0.id,un1_0.created_at,un1_0.note,un1_0.starred,un1_0.user_id from user_notes un1_0 left join users u1_0 on u1_0.id=un1_0.user_id where u1_0.id=? and un1_0.starred order by un1_0.created_at desc
Hibernate: select sum(ap1_0.amount) from advance_payments ap1_0 where ap1_0.user_id=? and (ap1_0.payment_month=? or (ap1_0.payment_month is null and ap1_0.paid_at>=? and ap1_0.paid_at<?))
Hibernate: select un1_0.id,un1_0.created_at,un1_0.note,un1_0.starred,un1_0.user_id from user_notes un1_0 left join users u1_0 on u1_0.id=un1_0.user_id where u1_0.id=? and un1_0.starred order by un1_0.created_at desc
Hibernate: select u1_0.id,u1_0.advance_amount,u1_0.created_at,u1_0.deleted_from_month,u1_0.email,u1_0.name,u1_0.owner_id,u1_0.password,u1_0.role from users u1_0 where u1_0.id=?
Hibernate: insert into user_notes (created_at,note,starred,user_id) values (?,?,?,?)
Hibernate: select count(*) from users u1_0 where u1_0.id=?
Hibernate: select un1_0.id,un1_0.created_at,un1_0.note,un1_0.starred,un1_0.user_id from user_notes un1_0 left join users u1_0 on u1_0.id=un1_0.user_id where u1_0.id=? order by un1_0.created_at desc
Hibernate: select count(*) from users u1_0 where u1_0.id=?
Hibernate: select count(*) from user_notes un1_0 where un1_0.id=?
Hibernate: select un1_0.id from user_notes un1_0 left join users u1_0 on u1_0.id=un1_0.user_id where un1_0.id=? and u1_0.id=? fetch first ? rows only
Hibernate: select un1_0.id,un1_0.created_at,un1_0.note,un1_0.starred,un1_0.user_id from user_notes un1_0 where un1_0.id=?
Hibernate: delete from user_notes where id=?
Hibernate: select count(*) from users u1_0 where u1_0.id=?
Hibernate: select un1_0.id,un1_0.created_at,un1_0.note,un1_0.starred,un1_0.user_id from user_notes un1_0 left join users u1_0 on u1_0.id=un1_0.user_id where u1_0.id=? order by un1_0.created_at desc
Hibernate: select u1_0.id,u1_0.advance_amount,u1_0.created_at,u1_0.deleted_from_month,u1_0.email,u1_0.name,u1_0.owner_id,u1_0.password,u1_0.role from users u1_0 where u1_0.id=?
Hibernate: insert into user_notes (created_at,note,starred,user_id) values (?,?,?,?)
Hibernate: select count(*) from users u1_0 where u1_0.id=?
Hibernate: select un1_0.id,un1_0.created_at,un1_0.note,un1_0.starred,un1_0.user_id from user_notes un1_0 left join users u1_0 on u1_0.id=un1_0.user_id where u1_0.id=? order by un1_0.created_at desc
Hibernate: select count(*) from users u1_0 where u1_0.id=?
Hibernate: select un1_0.id,un1_0.created_at,un1_0.note,un1_0.starred,un1_0.user_id from user_notes un1_0 left join users u1_0 on u1_0.id=un1_0.user_id where un1_0.id=? and u1_0.id=?
Hibernate: update user_notes set created_at=?,note=?,starred=?,user_id=? where id=?
Hibernate: select count(*) from users u1_0 where u1_0.id=?
Hibernate: select count(*) from user_notes un1_0 where un1_0.id=?
Hibernate: select un1_0.id from user_notes un1_0 left join users u1_0 on u1_0.id=un1_0.user_id where un1_0.id=? and u1_0.id=? fetch first ? rows only
Hibernate: select un1_0.id,un1_0.created_at,un1_0.note,un1_0.starred,un1_0.user_id from user_notes un1_0 where un1_0.id=?
Hibernate: delete from user_notes where id=?
Hibernate: select count(*) from users u1_0 where u1_0.id=?
Hibernate: select un1_0.id,un1_0.created_at,un1_0.note,un1_0.starred,un1_0.user_id from user_notes un1_0 left join users u1_0 on u1_0.id=un1_0.user_id where u1_0.id=? order by un1_0.created_at desc
Hibernate: select u1_0.id,u1_0.advance_amount,u1_0.created_at,u1_0.deleted_from_month,u1_0.email,u1_0.name,u1_0.owner_id,u1_0.password,u1_0.role from users u1_0 where u1_0.email=?
Hibernate: select u1_0.id,u1_0.advance_amount,u1_0.created_at,u1_0.deleted_from_month,u1_0.email,u1_0.name,u1_0.owner_id,u1_0.password,u1_0.role from users u1_0 left join users o1_0 on o1_0.id=u1_0.owner_id where u1_0.id=? and o1_0.id=?
Hibernate: select ap1_0.id,ap1_0.amount,ap1_0.note,ap1_0.paid_at,ap1_0.payment_mode,ap1_0.payment_month,ap1_0.user_id from advance_payments ap1_0 where ap1_0.user_id=? and (ap1_0.payment_month=? or (ap1_0.payment_month is null and ap1_0.paid_at>=? and ap1_0.paid_at<?)) order by ap1_0.paid_at desc
Hibernate: select u1_0.id,u1_0.advance_amount,u1_0.created_at,u1_0.deleted_from_month,u1_0.email,u1_0.name,u1_0.owner_id,u1_0.password,u1_0.role from users u1_0 where u1_0.email=?
Hibernate: select u1_0.id,u1_0.advance_amount,u1_0.created_at,u1_0.deleted_from_month,u1_0.email,u1_0.name,u1_0.owner_id,u1_0.password,u1_0.role from users u1_0 left join users o1_0 on o1_0.id=u1_0.owner_id where u1_0.id=? and o1_0.id=?
Hibernate: select ap1_0.id,ap1_0.amount,ap1_0.note,ap1_0.paid_at,ap1_0.payment_mode,ap1_0.payment_month,ap1_0.user_id from advance_payments ap1_0 where ap1_0.user_id=? and (ap1_0.payment_month=? or (ap1_0.payment_month is null and ap1_0.paid_at>=? and ap1_0.paid_at<?)) order by ap1_0.paid_at desc
Hibernate: select u1_0.id,u1_0.advance_amount,u1_0.created_at,u1_0.deleted_from_month,u1_0.email,u1_0.name,u1_0.owner_id,u1_0.password,u1_0.role from users u1_0 where u1_0.id=?
Hibernate: insert into user_notes (created_at,note,starred,user_id) values (?,?,?,?)
Hibernate: select count(*) from users u1_0 where u1_0.id=?
Hibernate: select un1_0.id,un1_0.created_at,un1_0.note,un1_0.starred,un1_0.user_id from user_notes un1_0 left join users u1_0 on u1_0.id=un1_0.user_id where u1_0.id=? order by un1_0.created_at desc
Hibernate: select count(*) from users u1_0 where u1_0.id=?
Hibernate: select count(*) from user_notes un1_0 where un1_0.id=?
Hibernate: select un1_0.id from user_notes un1_0 left join users u1_0 on u1_0.id=un1_0.user_id where un1_0.id=? and u1_0.id=? fetch first ? rows only
Hibernate: select un1_0.id,un1_0.created_at,un1_0.note,un1_0.starred,un1_0.user_id from user_notes un1_0 where un1_0.id=?
Hibernate: delete from user_notes where id=?
Hibernate: select count(*) from users u1_0 where u1_0.id=?
Hibernate: select un1_0.id,un1_0.created_at,un1_0.note,un1_0.starred,un1_0.user_id from user_notes un1_0 left join users u1_0 on u1_0.id=un1_0.user_id where u1_0.id=? order by un1_0.created_at desc
Hibernate: select u1_0.id,u1_0.advance_amount,u1_0.created_at,u1_0.deleted_from_month,u1_0.email,u1_0.name,u1_0.owner_id,u1_0.password,u1_0.role from users u1_0 where u1_0.email=?
Hibernate: select u1_0.id,u1_0.advance_amount,u1_0.created_at,u1_0.deleted_from_month,u1_0.email,u1_0.name,u1_0.owner_id,u1_0.password,u1_0.role from users u1_0 left join users o1_0 on o1_0.id=u1_0.owner_id where u1_0.id=? and o1_0.id=?
Hibernate: select ap1_0.id,ap1_0.amount,ap1_0.note,ap1_0.paid_at,ap1_0.payment_mode,ap1_0.payment_month,ap1_0.user_id from advance_payments ap1_0 where ap1_0.user_id=? and (ap1_0.payment_month=? or (ap1_0.payment_month is null and ap1_0.paid_at>=? and ap1_0.paid_at<?)) order by ap1_0.paid_at desc
Hibernate: select u1_0.id,u1_0.advance_amount,u1_0.created_at,u1_0.deleted_from_month,u1_0.email,u1_0.name,u1_0.owner_id,u1_0.password,u1_0.role from users u1_0 where u1_0.email=?
Hibernate: select un1_0.id,un1_0.created_at,un1_0.note,un1_0.starred,un1_0.user_id from user_notes un1_0 left join users u1_0 on u1_0.id=un1_0.user_id where u1_0.id=? and un1_0.starred order by un1_0.created_at desc
Hibernate: select u1_0.id,u1_0.advance_amount,u1_0.created_at,u1_0.deleted_from_month,u1_0.email,u1_0.name,u1_0.owner_id,u1_0.password,u1_0.role from users u1_0 where u1_0.email=?
Hibernate: select count(*) from users u1_0 where u1_0.id=?
Hibernate: select un1_0.id,un1_0.created_at,un1_0.note,un1_0.starred,un1_0.user_id from user_notes un1_0 left join users u1_0 on u1_0.id=un1_0.user_id where u1_0.id=? order by un1_0.created_at desc
Hibernate: select u1_0.id,u1_0.advance_amount,u1_0.created_at,u1_0.deleted_from_month,u1_0.email,u1_0.name,u1_0.owner_id,u1_0.password,u1_0.role from users u1_0
Hibernate: select ap1_0.id,ap1_0.amount,ap1_0.note,ap1_0.paid_at,ap1_0.payment_mode,ap1_0.payment_month,ap1_0.user_id from advance_payments ap1_0 left join users u1_0 on u1_0.id=ap1_0.user_id where u1_0.id=? order by ap1_0.paid_at desc
Hibernate: select sum(ap1_0.amount) from advance_payments ap1_0 where ap1_0.user_id=? and (ap1_0.payment_month=? or (ap1_0.payment_month is null and ap1_0.paid_at>=? and ap1_0.paid_at<?))
Hibernate: select count(*) from users u1_0 where u1_0.id=?
Hibernate: select un1_0.id,un1_0.created_at,un1_0.note,un1_0.starred,un1_0.user_id from user_notes un1_0 left join users u1_0 on u1_0.id=un1_0.user_id where u1_0.id=? and un1_0.starred order by un1_0.created_at desc
Hibernate: select un1_0.id,un1_0.created_at,un1_0.note,un1_0.starred,un1_0.user_id from user_notes un1_0 left join users u1_0 on u1_0.id=un1_0.user_id where u1_0.id=? order by un1_0.created_at desc
Hibernate: select sum(ap1_0.amount) from advance_payments ap1_0 where ap1_0.user_id=? and (ap1_0.payment_month=? or (ap1_0.payment_month is null and ap1_0.paid_at>=? and ap1_0.paid_at<?))
Hibernate: select un1_0.id,un1_0.created_at,un1_0.note,un1_0.starred,un1_0.user_id from user_notes un1_0 left join users u1_0 on u1_0.id=un1_0.user_id where u1_0.id=? and un1_0.starred order by un1_0.created_at desc
Hibernate: select sum(ap1_0.amount) from advance_payments ap1_0 where ap1_0.user_id=? and (ap1_0.payment_month=? or (ap1_0.payment_month is null and ap1_0.paid_at>=? and ap1_0.paid_at<?))
Hibernate: select un1_0.id,un1_0.created_at,un1_0.note,un1_0.starred,un1_0.user_id from user_notes un1_0 left join users u1_0 on u1_0.id=un1_0.user_id where u1_0.id=? and un1_0.starred order by un1_0.created_at desc
Hibernate: select u1_0.id,u1_0.advance_amount,u1_0.created_at,u1_0.deleted_from_month,u1_0.email,u1_0.name,u1_0.owner_id,u1_0.password,u1_0.role from users u1_0 where u1_0.email=?
Hibernate: select u1_0.id,u1_0.advance_amount,u1_0.created_at,u1_0.deleted_from_month,u1_0.email,u1_0.name,u1_0.owner_id,u1_0.password,u1_0.role from users u1_0
Hibernate: select ap1_0.id,ap1_0.amount,ap1_0.note,ap1_0.paid_at,ap1_0.payment_mode,ap1_0.payment_month,ap1_0.user_id from advance_payments ap1_0 left join users u1_0 on u1_0.id=ap1_0.user_id where u1_0.id=? order by ap1_0.paid_at desc
Hibernate: select sum(ap1_0.amount) from advance_payments ap1_0 where ap1_0.user_id=? and (ap1_0.payment_month=? or (ap1_0.payment_month is null and ap1_0.paid_at>=? and ap1_0.paid_at<?))
Hibernate: select un1_0.id,un1_0.created_at,un1_0.note,un1_0.starred,un1_0.user_id from user_notes un1_0 left join users u1_0 on u1_0.id=un1_0.user_id where u1_0.id=? and un1_0.starred order by un1_0.created_at desc
Hibernate: select sum(ap1_0.amount) from advance_payments ap1_0 where ap1_0.user_id=? and (ap1_0.payment_month=? or (ap1_0.payment_month is null and ap1_0.paid_at>=? and ap1_0.paid_at<?))
Hibernate: select un1_0.id,un1_0.created_at,un1_0.note,un1_0.starred,un1_0.user_id from user_notes un1_0 left join users u1_0 on u1_0.id=un1_0.user_id where u1_0.id=? and un1_0.starred order by un1_0.created_at desc
Hibernate: select sum(ap1_0.amount) from advance_payments ap1_0 where ap1_0.user_id=? and (ap1_0.payment_month=? or (ap1_0.payment_month is null and ap1_0.paid_at>=? and ap1_0.paid_at<?))
Hibernate: select un1_0.id,un1_0.created_at,un1_0.note,un1_0.starred,un1_0.user_id from user_notes un1_0 left join users u1_0 on u1_0.id=un1_0.user_id where u1_0.id=? and un1_0.starred order by un1_0.created_at desc
Hibernate: select u1_0.id,u1_0.advance_amount,u1_0.created_at,u1_0.deleted_from_month,u1_0.email,u1_0.name,u1_0.owner_id,u1_0.password,u1_0.role from users u1_0 where u1_0.email=?
Hibernate: select u1_0.id,u1_0.advance_amount,u1_0.created_at,u1_0.deleted_from_month,u1_0.email,u1_0.name,u1_0.owner_id,u1_0.password,u1_0.role from users u1_0
Hibernate: select ap1_0.id,ap1_0.amount,ap1_0.note,ap1_0.paid_at,ap1_0.payment_mode,ap1_0.payment_month,ap1_0.user_id from advance_payments ap1_0 left join users u1_0 on u1_0.id=ap1_0.user_id where u1_0.id=? order by ap1_0.paid_at desc
Hibernate: select sum(ap1_0.amount) from advance_payments ap1_0 where ap1_0.user_id=? and (ap1_0.payment_month=? or (ap1_0.payment_month is null and ap1_0.paid_at>=? and ap1_0.paid_at<?))
Hibernate: select un1_0.id,un1_0.created_at,un1_0.note,un1_0.starred,un1_0.user_id from user_notes un1_0 left join users u1_0 on u1_0.id=un1_0.user_id where u1_0.id=? and un1_0.starred order by un1_0.created_at desc
Hibernate: select sum(ap1_0.amount) from advance_payments ap1_0 where ap1_0.user_id=? and (ap1_0.payment_month=? or (ap1_0.payment_month is null and ap1_0.paid_at>=? and ap1_0.paid_at<?))
Hibernate: select un1_0.id,un1_0.created_at,un1_0.note,un1_0.starred,un1_0.user_id from user_notes un1_0 left join users u1_0 on u1_0.id=un1_0.user_id where u1_0.id=? and un1_0.starred order by un1_0.created_at desc
Hibernate: select sum(ap1_0.amount) from advance_payments ap1_0 where ap1_0.user_id=? and (ap1_0.payment_month=? or (ap1_0.payment_month is null and ap1_0.paid_at>=? and ap1_0.paid_at<?))
Hibernate: select un1_0.id,un1_0.created_at,un1_0.note,un1_0.starred,un1_0.user_id from user_notes un1_0 left join users u1_0 on u1_0.id=un1_0.user_id where u1_0.id=? and un1_0.starred order by un1_0.created_at desc
Hibernate: select u1_0.id,u1_0.advance_amount,u1_0.created_at,u1_0.deleted_from_month,u1_0.email,u1_0.name,u1_0.owner_id,u1_0.password,u1_0.role from users u1_0 where u1_0.email=?
Hibernate: select u1_0.id,u1_0.advance_amount,u1_0.created_at,u1_0.deleted_from_month,u1_0.email,u1_0.name,u1_0.owner_id,u1_0.password,u1_0.role from users u1_0
Hibernate: select ap1_0.id,ap1_0.amount,ap1_0.note,ap1_0.paid_at,ap1_0.payment_mode,ap1_0.payment_month,ap1_0.user_id from advance_payments ap1_0 left join users u1_0 on u1_0.id=ap1_0.user_id where u1_0.id=? order by ap1_0.paid_at desc
Hibernate: select sum(ap1_0.amount) from advance_payments ap1_0 where ap1_0.user_id=? and (ap1_0.payment_month=? or (ap1_0.payment_month is null and ap1_0.paid_at>=? and ap1_0.paid_at<?))
Hibernate: select un1_0.id,un1_0.created_at,un1_0.note,un1_0.starred,un1_0.user_id from user_notes un1_0 left join users u1_0 on u1_0.id=un1_0.user_id where u1_0.id=? and un1_0.starred order by un1_0.created_at desc
Hibernate: select sum(ap1_0.amount) from advance_payments ap1_0 where ap1_0.user_id=? and (ap1_0.payment_month=? or (ap1_0.payment_month is null and ap1_0.paid_at>=? and ap1_0.paid_at<?))
Hibernate: select un1_0.id,un1_0.created_at,un1_0.note,un1_0.starred,un1_0.user_id from user_notes un1_0 left join users u1_0 on u1_0.id=un1_0.user_id where u1_0.id=? and un1_0.starred order by un1_0.created_at desc
Hibernate: select sum(ap1_0.amount) from advance_payments ap1_0 where ap1_0.user_id=? and (ap1_0.payment_month=? or (ap1_0.payment_month is null and ap1_0.paid_at>=? and ap1_0.paid_at<?))
Hibernate: select un1_0.id,un1_0.created_at,un1_0.note,un1_0.starred,un1_0.user_id from user_notes un1_0 left join users u1_0 on u1_0.id=un1_0.user_id where u1_0.id=? and un1_0.starred order by un1_0.created_at desc
Hibernate: select u1_0.id,u1_0.advance_amount,u1_0.created_at,u1_0.deleted_from_month,u1_0.email,u1_0.name,u1_0.owner_id,u1_0.password,u1_0.role from users u1_0 where u1_0.email=?
Hibernate: select u1_0.id,u1_0.advance_amount,u1_0.created_at,u1_0.deleted_from_month,u1_0.email,u1_0.name,u1_0.owner_id,u1_0.password,u1_0.role from users u1_0
Hibernate: select ap1_0.id,ap1_0.amount,ap1_0.note,ap1_0.paid_at,ap1_0.payment_mode,ap1_0.payment_month,ap1_0.user_id from advance_payments ap1_0 left join users u1_0 on u1_0.id=ap1_0.user_id where u1_0.id=? order by ap1_0.paid_at desc
Hibernate: select sum(ap1_0.amount) from advance_payments ap1_0 where ap1_0.user_id=? and (ap1_0.payment_month=? or (ap1_0.payment_month is null and ap1_0.paid_at>=? and ap1_0.paid_at<?))
Hibernate: select un1_0.id,un1_0.created_at,un1_0.note,un1_0.starred,un1_0.user_id from user_notes un1_0 left join users u1_0 on u1_0.id=un1_0.user_id where u1_0.id=? and un1_0.starred order by un1_0.created_at desc
Hibernate: select u1_0.id,u1_0.advance_amount,u1_0.created_at,u1_0.deleted_from_month,u1_0.email,u1_0.name,u1_0.owner_id,u1_0.password,u1_0.role from users u1_0 where u1_0.email=?
Hibernate: select u1_0.id,u1_0.advance_amount,u1_0.created_at,u1_0.deleted_from_month,u1_0.email,u1_0.name,u1_0.owner_id,u1_0.password,u1_0.role from users u1_0
Hibernate: select ap1_0.id,ap1_0.amount,ap1_0.note,ap1_0.paid_at,ap1_0.payment_mode,ap1_0.payment_month,ap1_0.user_id from advance_payments ap1_0 left join users u1_0 on u1_0.id=ap1_0.user_id where u1_0.id=? order by ap1_0.paid_at desc
Hibernate: select u1_0.id,u1_0.advance_amount,u1_0.created_at,u1_0.deleted_from_month,u1_0.email,u1_0.name,u1_0.owner_id,u1_0.password,u1_0.role from users u1_0 where u1_0.email=?
Hibernate: select u1_0.id,u1_0.advance_amount,u1_0.created_at,u1_0.deleted_from_month,u1_0.email,u1_0.name,u1_0.owner_id,u1_0.password,u1_0.role from users u1_0
Hibernate: select ap1_0.id,ap1_0.amount,ap1_0.note,ap1_0.paid_at,ap1_0.payment_mode,ap1_0.payment_month,ap1_0.user_id from advance_payments ap1_0 left join users u1_0 on u1_0.id=ap1_0.user_id where u1_0.id=? order by ap1_0.paid_at desc
Hibernate: select u1_0.id,u1_0.advance_amount,u1_0.created_at,u1_0.deleted_from_month,u1_0.email,u1_0.name,u1_0.owner_id,u1_0.password,u1_0.role from users u1_0 where u1_0.email=?
Hibernate: select u1_0.id,u1_0.advance_amount,u1_0.created_at,u1_0.deleted_from_month,u1_0.email,u1_0.name,u1_0.owner_id,u1_0.password,u1_0.role from users u1_0
Hibernate: select ap1_0.id,ap1_0.amount,ap1_0.note,ap1_0.paid_at,ap1_0.payment_mode,ap1_0.payment_month,ap1_0.user_id from advance_payments ap1_0 left join users u1_0 on u1_0.id=ap1_0.user_id where u1_0.id=? order by ap1_0.paid_at desc
Hibernate: select sum(ap1_0.amount) from advance_payments ap1_0 where ap1_0.user_id=? and (ap1_0.payment_month=? or (ap1_0.payment_month is null and ap1_0.paid_at>=? and ap1_0.paid_at<?))
Hibernate: select un1_0.id,un1_0.created_at,un1_0.note,un1_0.starred,un1_0.user_id from user_notes un1_0 left join users u1_0 on u1_0.id=un1_0.user_id where u1_0.id=? and un1_0.starred order by un1_0.created_at desc
Hibernate: select sum(ap1_0.amount) from advance_payments ap1_0 where ap1_0.user_id=? and (ap1_0.payment_month=? or (ap1_0.payment_month is null and ap1_0.paid_at>=? and ap1_0.paid_at<?))
Hibernate: select un1_0.id,un1_0.created_at,un1_0.note,un1_0.starred,un1_0.user_id from user_notes un1_0 left join users u1_0 on u1_0.id=un1_0.user_id where u1_0.id=? and un1_0.starred order by un1_0.created_at desc
Hibernate: select sum(ap1_0.amount) from advance_payments ap1_0 where ap1_0.user_id=? and (ap1_0.payment_month=? or (ap1_0.payment_month is null and ap1_0.paid_at>=? and ap1_0.paid_at<?))
Hibernate: select un1_0.id,un1_0.created_at,un1_0.note,un1_0.starred,un1_0.user_id from user_notes un1_0 left join users u1_0 on u1_0.id=un1_0.user_id where u1_0.id=? and un1_0.starred order by un1_0.created_at desc
Hibernate: select sum(ap1_0.amount) from advance_payments ap1_0 where ap1_0.user_id=? and (ap1_0.payment_month=? or (ap1_0.payment_month is null and ap1_0.paid_at>=? and ap1_0.paid_at<?))
Hibernate: select un1_0.id,un1_0.created_at,un1_0.note,un1_0.starred,un1_0.user_id from user_notes un1_0 left join users u1_0 on u1_0.id=un1_0.user_id where u1_0.id=? and un1_0.starred order by un1_0.created_at desc
Hibernate: select u1_0.id,u1_0.advance_amount,u1_0.created_at,u1_0.deleted_from_month,u1_0.email,u1_0.name,u1_0.owner_id,u1_0.password,u1_0.role from users u1_0 where u1_0.email=?
Hibernate: select u1_0.id,u1_0.advance_amount,u1_0.created_at,u1_0.deleted_from_month,u1_0.email,u1_0.name,u1_0.owner_id,u1_0.password,u1_0.role from users u1_0
Hibernate: select ap1_0.id,ap1_0.amount,ap1_0.note,ap1_0.paid_at,ap1_0.payment_mode,ap1_0.payment_month,ap1_0.user_id from advance_payments ap1_0 left join users u1_0 on u1_0.id=ap1_0.user_id where u1_0.id=? order by ap1_0.paid_at desc
Hibernate: select sum(ap1_0.amount) from advance_payments ap1_0 where ap1_0.user_id=? and (ap1_0.payment_month=? or (ap1_0.payment_month is null and ap1_0.paid_at>=? and ap1_0.paid_at<?))
Hibernate: select un1_0.id,un1_0.created_at,un1_0.note,un1_0.starred,un1_0.user_id from user_notes un1_0 left join users u1_0 on u1_0.id=un1_0.user_id where u1_0.id=? and un1_0.starred order by un1_0.created_at desc
Hibernate: select sum(ap1_0.amount) from advance_payments ap1_0 where ap1_0.user_id=? and (ap1_0.payment_month=? or (ap1_0.payment_month is null and ap1_0.paid_at>=? and ap1_0.paid_at<?))
Hibernate: select un1_0.id,un1_0.created_at,un1_0.note,un1_0.starred,un1_0.user_id from user_notes un1_0 left join users u1_0 on u1_0.id=un1_0.user_id where u1_0.id=? and un1_0.starred order by un1_0.created_at desc
Hibernate: select sum(ap1_0.amount) from advance_payments ap1_0 where ap1_0.user_id=? and (ap1_0.payment_month=? or (ap1_0.payment_month is null and ap1_0.paid_at>=? and ap1_0.paid_at<?))
Hibernate: select un1_0.id,un1_0.created_at,un1_0.note,un1_0.starred,un1_0.user_id from user_notes un1_0 left join users u1_0 on u1_0.id=un1_0.user_id where u1_0.id=? and un1_0.starred order by un1_0.created_at desc
Hibernate: select sum(ap1_0.amount) from advance_payments ap1_0 where ap1_0.user_id=? and (ap1_0.payment_month=? or (ap1_0.payment_month is null and ap1_0.paid_at>=? and ap1_0.paid_at<?))
Hibernate: select un1_0.id,un1_0.created_at,un1_0.note,un1_0.starred,un1_0.user_id from user_notes un1_0 left join users u1_0 on u1_0.id=un1_0.user_id where u1_0.id=? and un1_0.starred order by un1_0.created_at desc
Hibernate: select u1_0.id,u1_0.advance_amount,u1_0.created_at,u1_0.deleted_from_month,u1_0.email,u1_0.name,u1_0.owner_id,u1_0.password,u1_0.role from users u1_0 where u1_0.email=?
Hibernate: select count(*) from users u1_0 where u1_0.id=?
Hibernate: select u1_0.id,u1_0.advance_amount,u1_0.created_at,u1_0.deleted_from_month,u1_0.email,u1_0.name,u1_0.owner_id,u1_0.password,u1_0.role from users u1_0
Hibernate: select un1_0.id,un1_0.created_at,un1_0.note,un1_0.starred,un1_0.user_id from user_notes un1_0 left join users u1_0 on u1_0.id=un1_0.user_id where u1_0.id=? order by un1_0.created_at desc
Hibernate: select ap1_0.id,ap1_0.amount,ap1_0.note,ap1_0.paid_at,ap1_0.payment_mode,ap1_0.payment_month,ap1_0.user_id from advance_payments ap1_0 left join users u1_0 on u1_0.id=ap1_0.user_id where u1_0.id=? order by ap1_0.paid_at desc
Hibernate: select sum(ap1_0.amount) from advance_payments ap1_0 where ap1_0.user_id=? and (ap1_0.payment_month=? or (ap1_0.payment_month is null and ap1_0.paid_at>=? and ap1_0.paid_at<?))
Hibernate: select count(*) from users u1_0 where u1_0.id=?
Hibernate: select un1_0.id,un1_0.created_at,un1_0.note,un1_0.starred,un1_0.user_id from user_notes un1_0 left join users u1_0 on u1_0.id=un1_0.user_id where u1_0.id=? and un1_0.starred order by un1_0.created_at desc
Hibernate: select un1_0.id,un1_0.created_at,un1_0.note,un1_0.starred,un1_0.user_id from user_notes un1_0 left join users u1_0 on u1_0.id=un1_0.user_id where u1_0.id=? order by un1_0.created_at desc
Hibernate: select sum(ap1_0.amount) from advance_payments ap1_0 where ap1_0.user_id=? and (ap1_0.payment_month=? or (ap1_0.payment_month is null and ap1_0.paid_at>=? and ap1_0.paid_at<?))
Hibernate: select un1_0.id,un1_0.created_at,un1_0.note,un1_0.starred,un1_0.user_id from user_notes un1_0 left join users u1_0 on u1_0.id=un1_0.user_id where u1_0.id=? and un1_0.starred order by un1_0.created_at desc
Hibernate: select sum(ap1_0.amount) from advance_payments ap1_0 where ap1_0.user_id=? and (ap1_0.payment_month=? or (ap1_0.payment_month is null and ap1_0.paid_at>=? and ap1_0.paid_at<?))
Hibernate: select un1_0.id,un1_0.created_at,un1_0.note,un1_0.starred,un1_0.user_id from user_notes un1_0 left join users u1_0 on u1_0.id=un1_0.user_id where u1_0.id=? and un1_0.starred order by un1_0.created_at desc
Hibernate: select u1_0.id,u1_0.advance_amount,u1_0.created_at,u1_0.deleted_from_month,u1_0.email,u1_0.name,u1_0.owner_id,u1_0.password,u1_0.role from users u1_0 where u1_0.email=?
Hibernate: select u1_0.id,u1_0.advance_amount,u1_0.created_at,u1_0.deleted_from_month,u1_0.email,u1_0.name,u1_0.owner_id,u1_0.password,u1_0.role from users u1_0
Hibernate: select ap1_0.id,ap1_0.amount,ap1_0.note,ap1_0.paid_at,ap1_0.payment_mode,ap1_0.payment_month,ap1_0.user_id from advance_payments ap1_0 left join users u1_0 on u1_0.id=ap1_0.user_id where u1_0.id=? order by ap1_0.paid_at desc
Hibernate: select sum(ap1_0.amount) from advance_payments ap1_0 where ap1_0.user_id=? and (ap1_0.payment_month=? or (ap1_0.payment_month is null and ap1_0.paid_at>=? and ap1_0.paid_at<?))
Hibernate: select un1_0.id,un1_0.created_at,un1_0.note,un1_0.starred,un1_0.user_id from user_notes un1_0 left join users u1_0 on u1_0.id=un1_0.user_id where u1_0.id=? and un1_0.starred order by un1_0.created_at desc
Hibernate: select sum(ap1_0.amount) from advance_payments ap1_0 where ap1_0.user_id=? and (ap1_0.payment_month=? or (ap1_0.payment_month is null and ap1_0.paid_at>=? and ap1_0.paid_at<?))
Hibernate: select un1_0.id,un1_0.created_at,un1_0.note,un1_0.starred,un1_0.user_id from user_notes un1_0 left join users u1_0 on u1_0.id=un1_0.user_id where u1_0.id=? and un1_0.starred order by un1_0.created_at desc
Hibernate: select sum(ap1_0.amount) from advance_payments ap1_0 where ap1_0.user_id=? and (ap1_0.payment_month=? or (ap1_0.payment_month is null and ap1_0.paid_at>=? and ap1_0.paid_at<?))
Hibernate: select un1_0.id,un1_0.created_at,un1_0.note,un1_0.starred,un1_0.user_id from user_notes un1_0 left join users u1_0 on u1_0.id=un1_0.user_id where u1_0.id=? and un1_0.starred order by un1_0.created_at desc
Hibernate: select u1_0.id,u1_0.advance_amount,u1_0.created_at,u1_0.deleted_from_month,u1_0.email,u1_0.name,u1_0.owner_id,u1_0.password,u1_0.role from users u1_0 where u1_0.email=?
Hibernate: select u1_0.id,u1_0.advance_amount,u1_0.created_at,u1_0.deleted_from_month,u1_0.email,u1_0.name,u1_0.owner_id,u1_0.password,u1_0.role from users u1_0
Hibernate: select ap1_0.id,ap1_0.amount,ap1_0.note,ap1_0.paid_at,ap1_0.payment_mode,ap1_0.payment_month,ap1_0.user_id from advance_payments ap1_0 left join users u1_0 on u1_0.id=ap1_0.user_id where u1_0.id=? order by ap1_0.paid_at desc
Hibernate: select sum(ap1_0.amount) from advance_payments ap1_0 where ap1_0.user_id=? and (ap1_0.payment_month=? or (ap1_0.payment_month is null and ap1_0.paid_at>=? and ap1_0.paid_at<?))
Hibernate: select un1_0.id,un1_0.created_at,un1_0.note,un1_0.starred,un1_0.user_id from user_notes un1_0 left join users u1_0 on u1_0.id=un1_0.user_id where u1_0.id=? and un1_0.starred order by un1_0.created_at desc
Hibernate: select sum(ap1_0.amount) from advance_payments ap1_0 where ap1_0.user_id=? and (ap1_0.payment_month=? or (ap1_0.payment_month is null and ap1_0.paid_at>=? and ap1_0.paid_at<?))
Hibernate: select un1_0.id,un1_0.created_at,un1_0.note,un1_0.starred,un1_0.user_id from user_notes un1_0 left join users u1_0 on u1_0.id=un1_0.user_id where u1_0.id=? and un1_0.starred order by un1_0.created_at desc
Hibernate: select sum(ap1_0.amount) from advance_payments ap1_0 where ap1_0.user_id=? and (ap1_0.payment_month=? or (ap1_0.payment_month is null and ap1_0.paid_at>=? and ap1_0.paid_at<?))
Hibernate: select un1_0.id,un1_0.created_at,un1_0.note,un1_0.starred,un1_0.user_id from user_notes un1_0 left join users u1_0 on u1_0.id=un1_0.user_id where u1_0.id=? and un1_0.starred order by un1_0.created_at desc
Hibernate: select u1_0.id,u1_0.advance_amount,u1_0.created_at,u1_0.deleted_from_month,u1_0.email,u1_0.name,u1_0.owner_id,u1_0.password,u1_0.role from users u1_0 where u1_0.email=?
Hibernate: select u1_0.id,u1_0.advance_amount,u1_0.created_at,u1_0.deleted_from_month,u1_0.email,u1_0.name,u1_0.owner_id,u1_0.password,u1_0.role from users u1_0
Hibernate: select ap1_0.id,ap1_0.amount,ap1_0.note,ap1_0.paid_at,ap1_0.payment_mode,ap1_0.payment_month,ap1_0.user_id from advance_payments ap1_0 left join users u1_0 on u1_0.id=ap1_0.user_id where u1_0.id=? order by ap1_0.paid_at desc
Hibernate: select sum(ap1_0.amount) from advance_payments ap1_0 where ap1_0.user_id=? and (ap1_0.payment_month=? or (ap1_0.payment_month is null and ap1_0.paid_at>=? and ap1_0.paid_at<?))
Hibernate: select un1_0.id,un1_0.created_at,un1_0.note,un1_0.starred,un1_0.user_id from user_notes un1_0 left join users u1_0 on u1_0.id=un1_0.user_id where u1_0.id=? and un1_0.starred order by un1_0.created_at desc
Hibernate: select sum(ap1_0.amount) from advance_payments ap1_0 where ap1_0.user_id=? and (ap1_0.payment_month=? or (ap1_0.payment_month is null and ap1_0.paid_at>=? and ap1_0.paid_at<?))
Hibernate: select un1_0.id,un1_0.created_at,un1_0.note,un1_0.starred,un1_0.user_id from user_notes un1_0 left join users u1_0 on u1_0.id=un1_0.user_id where u1_0.id=? and un1_0.starred order by un1_0.created_at desc
Hibernate: select sum(ap1_0.amount) from advance_payments ap1_0 where ap1_0.user_id=? and (ap1_0.payment_month=? or (ap1_0.payment_month is null and ap1_0.paid_at>=? and ap1_0.paid_at<?))
Hibernate: select un1_0.id,un1_0.created_at,un1_0.note,un1_0.starred,un1_0.user_id from user_notes un1_0 left join users u1_0 on u1_0.id=un1_0.user_id where u1_0.id=? and un1_0.starred order by un1_0.created_at desc
2026-04-25T18:12:52.267+05:30  WARN 5232 --- [nio-8081-exec-2] .w.s.m.s.DefaultHandlerExceptionResolver : Resolved [org.springframework.web.HttpRequestMethodNotSupportedException: Request method 'GET' is not supported]
2026-04-25T21:39:24.958+05:30  WARN 5232 --- [l-1 housekeeper] com.zaxxer.hikari.pool.HikariPool        : HikariPool-1 - Thread starvation or clock leap detected (housekeeper delta=3h27s142ms373µs300ns).
2026-04-26T00:10:38.096+05:30  WARN 5232 --- [l-1 housekeeper] com.zaxxer.hikari.pool.HikariPool        : HikariPool-1 - Thread starvation or clock leap detected (housekeeper delta=2h31m18s408ms451µs800ns).
Hibernate: insert into users (advance_amount,created_at,deleted_from_month,email,name,owner_id,password,role) values (?,?,?,?,?,?,?,?)
Hibernate: select u1_0.id,u1_0.advance_amount,u1_0.created_at,u1_0.deleted_from_month,u1_0.email,u1_0.name,u1_0.owner_id,u1_0.password,u1_0.role from users u1_0 where u1_0.email=?
Hibernate: insert into users (advance_amount,created_at,deleted_from_month,email,name,owner_id,password,role) values (?,?,?,?,?,?,?,?)
Hibernate: select un1_0.id,un1_0.created_at,un1_0.note,un1_0.starred,un1_0.user_id from user_notes un1_0 left join users u1_0 on u1_0.id=un1_0.user_id where u1_0.id=? and un1_0.starred order by un1_0.created_at desc
Hibernate: select u1_0.id,u1_0.advance_amount,u1_0.created_at,u1_0.deleted_from_month,u1_0.email,u1_0.name,u1_0.owner_id,u1_0.password,u1_0.role from users u1_0 where u1_0.email=?
Hibernate: select un1_0.id,un1_0.created_at,un1_0.note,un1_0.starred,un1_0.user_id from user_notes un1_0 left join users u1_0 on u1_0.id=un1_0.user_id where u1_0.id=? and un1_0.starred order by un1_0.created_at desc
Hibernate: select u1_0.id,u1_0.advance_amount,u1_0.created_at,u1_0.deleted_from_month,u1_0.email,u1_0.name,u1_0.owner_id,u1_0.password,u1_0.role from users u1_0 where u1_0.email=?
Hibernate: insert into users (advance_amount,created_at,deleted_from_month,email,name,owner_id,password,role) values (?,?,?,?,?,?,?,?)
Hibernate: insert into users (advance_amount,created_at,deleted_from_month,email,name,owner_id,password,role) values (?,?,?,?,?,?,?,?)
Hibernate: select u1_0.id,u1_0.advance_amount,u1_0.created_at,u1_0.deleted_from_month,u1_0.email,u1_0.name,u1_0.owner_id,u1_0.password,u1_0.role from users u1_0 where u1_0.email=?
Hibernate: select un1_0.id,un1_0.created_at,un1_0.note,un1_0.starred,un1_0.user_id from user_notes un1_0 left join users u1_0 on u1_0.id=un1_0.user_id where u1_0.id=? and un1_0.starred order by un1_0.created_at desc
Hibernate: select u1_0.id,u1_0.advance_amount,u1_0.created_at,u1_0.deleted_from_month,u1_0.email,u1_0.name,u1_0.owner_id,u1_0.password,u1_0.role from users u1_0 where u1_0.email=?
Hibernate: select count(*) from users u1_0 where u1_0.id=?
Hibernate: select u1_0.id,u1_0.advance_amount,u1_0.created_at,u1_0.deleted_from_month,u1_0.email,u1_0.name,u1_0.owner_id,u1_0.password,u1_0.role from users u1_0
Hibernate: select un1_0.id,un1_0.created_at,un1_0.note,un1_0.starred,un1_0.user_id from user_notes un1_0 left join users u1_0 on u1_0.id=un1_0.user_id where u1_0.id=? order by un1_0.created_at desc
Hibernate: select count(*) from users u1_0 where u1_0.id=?
Hibernate: select u1_0.id,u1_0.advance_amount,u1_0.created_at,u1_0.deleted_from_month,u1_0.email,u1_0.name,u1_0.owner_id,u1_0.password,u1_0.role from users u1_0 where u1_0.email=?
Hibernate: select un1_0.id,un1_0.created_at,un1_0.note,un1_0.starred,un1_0.user_id from user_notes un1_0 left join users u1_0 on u1_0.id=un1_0.user_id where u1_0.id=? order by un1_0.created_at desc
Hibernate: select u1_0.id,u1_0.advance_amount,u1_0.created_at,u1_0.deleted_from_month,u1_0.email,u1_0.name,u1_0.owner_id,u1_0.password,u1_0.role from users u1_0
Hibernate: select u1_0.id,u1_0.advance_amount,u1_0.created_at,u1_0.deleted_from_month,u1_0.email,u1_0.name,u1_0.owner_id,u1_0.password,u1_0.role from users u1_0 where u1_0.email=?
Hibernate: select u1_0.id,u1_0.advance_amount,u1_0.created_at,u1_0.deleted_from_month,u1_0.email,u1_0.name,u1_0.owner_id,u1_0.password,u1_0.role from users u1_0
Hibernate: select u1_0.id,u1_0.advance_amount,u1_0.created_at,u1_0.deleted_from_month,u1_0.email,u1_0.name,u1_0.owner_id,u1_0.password,u1_0.role from users u1_0 where u1_0.email=?
Hibernate: select u1_0.id,u1_0.advance_amount,u1_0.created_at,u1_0.deleted_from_month,u1_0.email,u1_0.name,u1_0.owner_id,u1_0.password,u1_0.role from users u1_0
Hibernate: select u1_0.id,u1_0.advance_amount,u1_0.created_at,u1_0.deleted_from_month,u1_0.email,u1_0.name,u1_0.owner_id,u1_0.password,u1_0.role from users u1_0 where u1_0.email=?
Hibernate: insert into users (advance_amount,created_at,deleted_from_month,email,name,owner_id,password,role) values (?,?,?,?,?,?,?,?)
Hibernate: select u1_0.id,u1_0.advance_amount,u1_0.created_at,u1_0.deleted_from_month,u1_0.email,u1_0.name,u1_0.owner_id,u1_0.password,u1_0.role from users u1_0 where u1_0.email=?
Hibernate: select u1_0.id,u1_0.advance_amount,u1_0.created_at,u1_0.deleted_from_month,u1_0.email,u1_0.name,u1_0.owner_id,u1_0.password,u1_0.role from users u1_0
Hibernate: select sum(ap1_0.amount) from advance_payments ap1_0 where ap1_0.user_id=? and (ap1_0.payment_month=? or (ap1_0.payment_month is null and ap1_0.paid_at>=? and ap1_0.paid_at<?))
Hibernate: select un1_0.id,un1_0.created_at,un1_0.note,un1_0.starred,un1_0.user_id from user_notes un1_0 left join users u1_0 on u1_0.id=un1_0.user_id where u1_0.id=? and un1_0.starred order by un1_0.created_at desc
Hibernate: select u1_0.id,u1_0.advance_amount,u1_0.created_at,u1_0.deleted_from_month,u1_0.email,u1_0.name,u1_0.owner_id,u1_0.password,u1_0.role from users u1_0 where u1_0.email=?
Hibernate: select u1_0.id,u1_0.advance_amount,u1_0.created_at,u1_0.deleted_from_month,u1_0.email,u1_0.name,u1_0.owner_id,u1_0.password,u1_0.role from users u1_0 left join users o1_0 on o1_0.id=u1_0.owner_id where u1_0.id=? and o1_0.id=?
Hibernate: insert into advance_payments (amount,note,paid_at,payment_mode,payment_month,user_id) values (?,?,?,?,?,?)
Hibernate: update users set advance_amount=?,created_at=?,deleted_from_month=?,email=?,name=?,owner_id=?,password=?,role=? where id=?
Hibernate: select u1_0.id,u1_0.advance_amount,u1_0.created_at,u1_0.deleted_from_month,u1_0.email,u1_0.name,u1_0.owner_id,u1_0.password,u1_0.role from users u1_0 where u1_0.email=?
Hibernate: select u1_0.id,u1_0.advance_amount,u1_0.created_at,u1_0.deleted_from_month,u1_0.email,u1_0.name,u1_0.owner_id,u1_0.password,u1_0.role from users u1_0
Hibernate: select sum(ap1_0.amount) from advance_payments ap1_0 where ap1_0.user_id=? and (ap1_0.payment_month=? or (ap1_0.payment_month is null and ap1_0.paid_at>=? and ap1_0.paid_at<?))
Hibernate: select un1_0.id,un1_0.created_at,un1_0.note,un1_0.starred,un1_0.user_id from user_notes un1_0 left join users u1_0 on u1_0.id=un1_0.user_id where u1_0.id=? and un1_0.starred order by un1_0.created_at desc
Hibernate: select u1_0.id,u1_0.advance_amount,u1_0.created_at,u1_0.deleted_from_month,u1_0.email,u1_0.name,u1_0.owner_id,u1_0.password,u1_0.role from users u1_0 where u1_0.email=?
Hibernate: select u1_0.id,u1_0.advance_amount,u1_0.created_at,u1_0.deleted_from_month,u1_0.email,u1_0.name,u1_0.owner_id,u1_0.password,u1_0.role from users u1_0 left join users o1_0 on o1_0.id=u1_0.owner_id where u1_0.id=? and o1_0.id=?
Hibernate: update users set advance_amount=?,created_at=?,deleted_from_month=?,email=?,name=?,owner_id=?,password=?,role=? where id=?
Hibernate: select u1_0.id,u1_0.advance_amount,u1_0.created_at,u1_0.deleted_from_month,u1_0.email,u1_0.name,u1_0.owner_id,u1_0.password,u1_0.role from users u1_0 where u1_0.email=?
Hibernate: select u1_0.id,u1_0.advance_amount,u1_0.created_at,u1_0.deleted_from_month,u1_0.email,u1_0.name,u1_0.owner_id,u1_0.password,u1_0.role from users u1_0
Hibernate: select u1_0.id,u1_0.advance_amount,u1_0.created_at,u1_0.deleted_from_month,u1_0.email,u1_0.name,u1_0.owner_id,u1_0.password,u1_0.role from users u1_0 where u1_0.email=?
Hibernate: select un1_0.id,un1_0.created_at,un1_0.note,un1_0.starred,un1_0.user_id from user_notes un1_0 left join users u1_0 on u1_0.id=un1_0.user_id where u1_0.id=? and un1_0.starred order by un1_0.created_at desc
Hibernate: select count(*) from users u1_0 where u1_0.id=?
Hibernate: select u1_0.id,u1_0.advance_amount,u1_0.created_at,u1_0.deleted_from_month,u1_0.email,u1_0.name,u1_0.owner_id,u1_0.password,u1_0.role from users u1_0 where u1_0.email=?
Hibernate: select un1_0.id,un1_0.created_at,un1_0.note,un1_0.starred,un1_0.user_id from user_notes un1_0 left join users u1_0 on u1_0.id=un1_0.user_id where u1_0.id=? order by un1_0.created_at desc
Hibernate: select u1_0.id,u1_0.advance_amount,u1_0.created_at,u1_0.deleted_from_month,u1_0.email,u1_0.name,u1_0.owner_id,u1_0.password,u1_0.role from users u1_0
Hibernate: select count(*) from users u1_0 where u1_0.id=?
Hibernate: select un1_0.id,un1_0.created_at,un1_0.note,un1_0.starred,un1_0.user_id from user_notes un1_0 left join users u1_0 on u1_0.id=un1_0.user_id where u1_0.id=? order by un1_0.created_at desc
Hibernate: select u1_0.id,u1_0.advance_amount,u1_0.created_at,u1_0.deleted_from_month,u1_0.email,u1_0.name,u1_0.owner_id,u1_0.password,u1_0.role from users u1_0 where u1_0.email=?
Hibernate: select u1_0.id,u1_0.advance_amount,u1_0.created_at,u1_0.deleted_from_month,u1_0.email,u1_0.name,u1_0.owner_id,u1_0.password,u1_0.role from users u1_0
Hibernate: select u1_0.id,u1_0.advance_amount,u1_0.created_at,u1_0.deleted_from_month,u1_0.email,u1_0.name,u1_0.owner_id,u1_0.password,u1_0.role from users u1_0 where u1_0.email=?
Hibernate: select u1_0.id,u1_0.advance_amount,u1_0.created_at,u1_0.deleted_from_month,u1_0.email,u1_0.name,u1_0.owner_id,u1_0.password,u1_0.role from users u1_0
Hibernate: select u1_0.id,u1_0.advance_amount,u1_0.created_at,u1_0.deleted_from_month,u1_0.email,u1_0.name,u1_0.owner_id,u1_0.password,u1_0.role from users u1_0 where u1_0.email=?
Hibernate: select u1_0.id,u1_0.advance_amount,u1_0.created_at,u1_0.deleted_from_month,u1_0.email,u1_0.name,u1_0.owner_id,u1_0.password,u1_0.role from users u1_0
Hibernate: select u1_0.id,u1_0.advance_amount,u1_0.created_at,u1_0.deleted_from_month,u1_0.email,u1_0.name,u1_0.owner_id,u1_0.password,u1_0.role from users u1_0 where u1_0.email=?
Hibernate: insert into users (advance_amount,created_at,deleted_from_month,email,name,owner_id,password,role) values (?,?,?,?,?,?,?,?)
Hibernate: select u1_0.id,u1_0.advance_amount,u1_0.created_at,u1_0.deleted_from_month,u1_0.email,u1_0.name,u1_0.owner_id,u1_0.password,u1_0.role from users u1_0 where u1_0.email=?
Hibernate: select u1_0.id,u1_0.advance_amount,u1_0.created_at,u1_0.deleted_from_month,u1_0.email,u1_0.name,u1_0.owner_id,u1_0.password,u1_0.role from users u1_0
Hibernate: select sum(ap1_0.amount) from advance_payments ap1_0 where ap1_0.user_id=? and (ap1_0.payment_month=? or (ap1_0.payment_month is null and ap1_0.paid_at>=? and ap1_0.paid_at<?))
Hibernate: select un1_0.id,un1_0.created_at,un1_0.note,un1_0.starred,un1_0.user_id from user_notes un1_0 left join users u1_0 on u1_0.id=un1_0.user_id where u1_0.id=? and un1_0.starred order by un1_0.created_at desc
Hibernate: select u1_0.id,u1_0.advance_amount,u1_0.created_at,u1_0.deleted_from_month,u1_0.email,u1_0.name,u1_0.owner_id,u1_0.password,u1_0.role from users u1_0 where u1_0.email=?
Hibernate: select u1_0.id,u1_0.advance_amount,u1_0.created_at,u1_0.deleted_from_month,u1_0.email,u1_0.name,u1_0.owner_id,u1_0.password,u1_0.role from users u1_0 left join users o1_0 on o1_0.id=u1_0.owner_id where u1_0.id=? and o1_0.id=?
Hibernate: insert into advance_payments (amount,note,paid_at,payment_mode,payment_month,user_id) values (?,?,?,?,?,?)
Hibernate: update users set advance_amount=?,created_at=?,deleted_from_month=?,email=?,name=?,owner_id=?,password=?,role=? where id=?
Hibernate: select u1_0.id,u1_0.advance_amount,u1_0.created_at,u1_0.deleted_from_month,u1_0.email,u1_0.name,u1_0.owner_id,u1_0.password,u1_0.role from users u1_0 where u1_0.email=?
Hibernate: select u1_0.id,u1_0.advance_amount,u1_0.created_at,u1_0.deleted_from_month,u1_0.email,u1_0.name,u1_0.owner_id,u1_0.password,u1_0.role from users u1_0
Hibernate: select sum(ap1_0.amount) from advance_payments ap1_0 where ap1_0.user_id=? and (ap1_0.payment_month=? or (ap1_0.payment_month is null and ap1_0.paid_at>=? and ap1_0.paid_at<?))
Hibernate: select un1_0.id,un1_0.created_at,un1_0.note,un1_0.starred,un1_0.user_id from user_notes un1_0 left join users u1_0 on u1_0.id=un1_0.user_id where u1_0.id=? and un1_0.starred order by un1_0.created_at desc
