[INFO] Scanning for projects...
[INFO] 
[INFO] ---------------------< com.ecommerce:auth-service >---------------------
[INFO] Building auth-service 0.0.1-SNAPSHOT
[INFO]   from pom.xml
[INFO] --------------------------------[ jar ]---------------------------------
[INFO] 
[INFO] >>> spring-boot:3.2.5:run (default-cli) > test-compile @ auth-service >>>
[INFO] 
[INFO] --- resources:3.3.1:resources (default-resources) @ auth-service ---
[INFO] Copying 1 resource from src\main\resources to target\classes
[INFO] Copying 0 resource from src\main\resources to target\classes
[INFO] 
[INFO] --- compiler:3.11.0:compile (default-compile) @ auth-service ---
[INFO] Nothing to compile - all classes are up to date
[INFO] 
[INFO] --- resources:3.3.1:testResources (default-testResources) @ auth-service ---
[INFO] skip non existing resourceDirectory D:\ShivamGitProject\auth-service\auth-service\src\test\resources
[INFO] 
[INFO] --- compiler:3.11.0:testCompile (default-testCompile) @ auth-service ---
[INFO] Nothing to compile - all classes are up to date
[INFO] 
[INFO] <<< spring-boot:3.2.5:run (default-cli) < test-compile @ auth-service <<<
[INFO] 
[INFO] 
[INFO] --- spring-boot:3.2.5:run (default-cli) @ auth-service ---
[INFO] Attaching agents: []

  .   ____          _            __ _ _
 /\\ / ___'_ __ _ _(_)_ __  __ _ \ \ \ \
( ( )\___ | '_ | '_| | '_ \/ _` | \ \ \ \
 \\/  ___)| |_)| | | | | || (_| |  ) ) ) )
  '  |____| .__|_| |_|_| |_\__, | / / / /
 =========|_|==============|___/=/_/_/_/
 :: Spring Boot ::                (v3.2.5)

2026-04-26T02:17:05.926+05:30  INFO 8076 --- [           main] c.e.authservice.AuthServiceApplication   : Starting AuthServiceApplication using Java 17.0.12 with PID 8076 (D:\ShivamGitProject\auth-service\auth-service\target\classes started by namde in D:\ShivamGitProject\auth-service\auth-service)
2026-04-26T02:17:05.936+05:30  INFO 8076 --- [           main] c.e.authservice.AuthServiceApplication   : No active profile set, falling back to 1 default profile: "default"
2026-04-26T02:17:07.074+05:30  INFO 8076 --- [           main] .s.d.r.c.RepositoryConfigurationDelegate : Bootstrapping Spring Data JPA repositories in DEFAULT mode.
2026-04-26T02:17:07.189+05:30  INFO 8076 --- [           main] .s.d.r.c.RepositoryConfigurationDelegate : Finished Spring Data repository scanning in 97 ms. Found 4 JPA repository interfaces.
2026-04-26T02:17:08.336+05:30  INFO 8076 --- [           main] o.s.b.w.embedded.tomcat.TomcatWebServer  : Tomcat initialized with port 8083 (http)
2026-04-26T02:17:08.358+05:30  INFO 8076 --- [           main] o.apache.catalina.core.StandardService   : Starting service [Tomcat]
2026-04-26T02:17:08.360+05:30  INFO 8076 --- [           main] o.apache.catalina.core.StandardEngine    : Starting Servlet engine: [Apache Tomcat/10.1.20]
2026-04-26T02:17:08.495+05:30  INFO 8076 --- [           main] o.a.c.c.C.[Tomcat].[localhost].[/]       : Initializing Spring embedded WebApplicationContext
2026-04-26T02:17:08.499+05:30  INFO 8076 --- [           main] w.s.c.ServletWebServerApplicationContext : Root WebApplicationContext: initialization completed in 2474 ms
2026-04-26T02:17:08.796+05:30  INFO 8076 --- [           main] o.hibernate.jpa.internal.util.LogHelper  : HHH000204: Processing PersistenceUnitInfo [name: default]
2026-04-26T02:17:08.921+05:30  INFO 8076 --- [           main] org.hibernate.Version                    : HHH000412: Hibernate ORM core version 6.4.4.Final
2026-04-26T02:17:08.993+05:30  INFO 8076 --- [           main] o.h.c.internal.RegionFactoryInitiator    : HHH000026: Second-level cache disabled
2026-04-26T02:17:09.473+05:30  INFO 8076 --- [           main] o.s.o.j.p.SpringPersistenceUnitInfo      : No LoadTimeWeaver setup: ignoring JPA class transformer
2026-04-26T02:17:09.525+05:30  INFO 8076 --- [           main] com.zaxxer.hikari.HikariDataSource       : HikariPool-1 - Starting...
2026-04-26T02:17:10.416+05:30  INFO 8076 --- [           main] com.zaxxer.hikari.pool.HikariPool        : HikariPool-1 - Added connection org.postgresql.jdbc.PgConnection@bd4ee01
2026-04-26T02:17:10.424+05:30  INFO 8076 --- [           main] com.zaxxer.hikari.HikariDataSource       : HikariPool-1 - Start completed.
2026-04-26T02:17:10.513+05:30  WARN 8076 --- [           main] org.hibernate.orm.deprecation            : HHH90000025: PostgreSQLDialect does not need to be specified explicitly using 'hibernate.dialect' (remove the property setting and it will be selected by default)
2026-04-26T02:17:12.668+05:30  INFO 8076 --- [           main] o.h.e.t.j.p.i.JtaPlatformInitiator       : HHH000489: No JTA platform available (set 'hibernate.transaction.jta.platform' to enable JTA platform integration)
2026-04-26T02:17:13.303+05:30  INFO 8076 --- [           main] j.LocalContainerEntityManagerFactoryBean : Initialized JPA EntityManagerFactory for persistence unit 'default'
2026-04-26T02:17:14.425+05:30  INFO 8076 --- [           main] o.s.d.j.r.query.QueryEnhancerFactory     : Hibernate is in classpath; If applicable, HQL parser will be used.
2026-04-26T02:17:15.659+05:30  WARN 8076 --- [           main] JpaBaseConfiguration$JpaWebConfiguration : spring.jpa.open-in-view is enabled by default. Therefore, database queries may be performed during view rendering. Explicitly configure spring.jpa.open-in-view to disable this warning
2026-04-26T02:17:15.729+05:30  WARN 8076 --- [           main] .s.s.UserDetailsServiceAutoConfiguration : 

Using generated security password: 367a7239-8a66-4936-96b6-e5452a29c0ef

This generated password is for development use only. Your security configuration must be updated before running your application in production.

2026-04-26T02:17:16.261+05:30  INFO 8076 --- [           main] o.s.s.web.DefaultSecurityFilterChain     : Will secure any request with [org.springframework.security.web.session.DisableEncodeUrlFilter@74ed1b3d, org.springframework.security.web.context.request.async.WebAsyncManagerIntegrationFilter@189d8bef, org.springframework.security.web.context.SecurityContextHolderFilter@4c32d208, org.springframework.security.web.header.HeaderWriterFilter@3b89bf47, org.springframework.web.filter.CorsFilter@5af410a1, org.springframework.security.web.authentication.logout.LogoutFilter@247e1f35, com.ecommerce.authservice.config.JwtFilter@60dd0587, org.springframework.security.web.savedrequest.RequestCacheAwareFilter@735c0454, org.springframework.security.web.servletapi.SecurityContextHolderAwareRequestFilter@6f475ede, org.springframework.security.web.authentication.AnonymousAuthenticationFilter@4c12e25d, org.springframework.security.web.session.SessionManagementFilter@3da20c42, org.springframework.security.web.access.ExceptionTranslationFilter@798e73de, org.springframework.security.web.access.intercept.AuthorizationFilter@3b4aeacd]
2026-04-26T02:17:16.704+05:30  INFO 8076 --- [           main] o.s.b.w.embedded.tomcat.TomcatWebServer  : Tomcat started on port 8083 (http) with context path ''
2026-04-26T02:17:16.724+05:30  INFO 8076 --- [           main] c.e.authservice.AuthServiceApplication   : Started AuthServiceApplication in 11.44 seconds (process running for 12.047)
2026-04-26T02:17:32.668+05:30  INFO 8076 --- [nio-8083-exec-1] o.a.c.c.C.[Tomcat].[localhost].[/]       : Initializing Spring DispatcherServlet 'dispatcherServlet'
2026-04-26T02:17:32.670+05:30  INFO 8076 --- [nio-8083-exec-1] o.s.web.servlet.DispatcherServlet        : Initializing Servlet 'dispatcherServlet'
2026-04-26T02:17:32.674+05:30  INFO 8076 --- [nio-8083-exec-1] o.s.web.servlet.DispatcherServlet        : Completed initialization in 3 ms
Hibernate: select u1_0.id,u1_0.advance_amount,u1_0.created_at,u1_0.deleted_from_month,u1_0.email,u1_0.name,u1_0.owner_id,u1_0.password,u1_0.role from users u1_0 where u1_0.email=?
[INFO] ------------------------------------------------------------------------
[INFO] BUILD FAILURE
[INFO] ------------------------------------------------------------------------
[INFO] Total time:  01:07 min
[INFO] Finished at: 2026-04-26T02:18:07+05:30
[INFO] ------------------------------------------------------------------------
[ERROR] Failed to execute goal org.springframework.boot:spring-boot-maven-plugin:3.2.5:run (default-cli) on project auth-service: Process terminated with exit code: -1 -> [Help 1]
[ERROR] 
[ERROR] To see the full stack trace of the errors, re-run Maven with the -e switch.
[ERROR] Re-run Maven using the -X switch to enable full debug logging.
[ERROR] 
[ERROR] For more information about the errors and possible solutions, please read the following articles:
[ERROR] [Help 1] http://cwiki.apache.org/confluence/display/MAVEN/MojoExecutionException
